// Jest Snapshot v1, https://goo.gl/fbAQLP

exports[`<Result /> component renders 1`] = `ReactWrapper {}`;
