// Jest Snapshot v1, https://goo.gl/fbAQLP

exports[`<Buttons /> component renders 1`] = `ReactWrapper {}`;
